// Jest Snapshot v1, https://goo.gl/fbAQLP

exports[`Loading renders a loading gif spinner 1`] = `
<div
  className="container flexCenter m1"
>
  <img
    alt="loading"
    src="/loading.gif"
  />
</div>
`;
