// Jest Snapshot v1, https://goo.gl/fbAQLP

exports[`NoRepos renders the NoRepos component 1`] = `
<div
  className="container flexCenter"
>
  <p
    className="boxBlack"
  >
    No repositories available forÂ 
    <strong />
  </p>
</div>
`;
